[rkwaterproofingcom.in/index.html]
[backblue.gif]
[fade.gif]
[index.html]
[rkwaterproofingcom.in/assets/images/favicons/favicon-32x32.png]
[rkwaterproofingcom.in/enquiry.html]
[rkwaterproofingcom.in/assets/images/resources/logo-2.png]
[rkwaterproofingcom.in/about.html]
[rkwaterproofingcom.in/services.html]
[rkwaterproofingcom.in/work.html]
[rkwaterproofingcom.in/gallery.html]
[rkwaterproofingcom.in/contact.html]
[rkwaterproofingcom.in/assets/images/resources/main-slider-2-1.png]
[rkwaterproofingcom.in/assets/images/shapes/warranty.png]
[rkwaterproofingcom.in/assets/images/shapes/main-slider-two-shape-1.png]
[rkwaterproofingcom.in/assets/images/resources/main-slider-2-2.png]
[rkwaterproofingcom.in/assets/images/resources/main-slider-2-3.png]
[rkwaterproofingcom.in/assets/images/resources/main-slider-2-4.png]
[rkwaterproofingcom.in/assets/images/resources/main-slider-2-5.png]
[rkwaterproofingcom.in/assets/images/resources/main-slider-2-6.png]
[rkwaterproofingcom.in/assets/images/waterproofing-protections.jpg]
[rkwaterproofingcom.in/assets/images/services/liquid-membrane/liq1.jpg]
[rkwaterproofingcom.in/assets/images/services/app1.jpg]
[rkwaterproofingcom.in/assets/images/services/cementatious-coating/cement3.jpg]
[rkwaterproofingcom.in/assets/images/services/protective/protective1.jpg]
[rkwaterproofingcom.in/assets/images/services/decorative/dec2.jpg]
[rkwaterproofingcom.in/assets/images/services/expansion-joints/exj3.jpg]
[rkwaterproofingcom.in/assets/images/work/terracewater.jpg]
[rkwaterproofingcom.in/assets/images/work/basement1.jpg]
[rkwaterproofingcom.in/assets/images/work/garden.jpg]
[rkwaterproofingcom.in/assets/images/work/sunken.jpg]
[rkwaterproofingcom.in/assets/images/work/watertank.jpg]
[rkwaterproofingcom.in/assets/images/work/pool1.jpg]
[rkwaterproofingcom.in/assets/images/work/liq1.jpg]
[rkwaterproofingcom.in/assets/images/icon/icon-zoom-1.png]
[rkwaterproofingcom.in/assets/images/work/tr1.jpg]
[rkwaterproofingcom.in/assets/images/work/tr6.jpg]
[rkwaterproofingcom.in/assets/images/work/tr7.jpg]
[rkwaterproofingcom.in/assets/images/work/tr2.jpg]
[rkwaterproofingcom.in/assets/images/work/tr20.jpg]
[rkwaterproofingcom.in/assets/images/shapes/site-footer-shape-1.png]
[rkwaterproofingcom.in/assets/images/resources/footer-widget-img-1.png]
[rkwaterproofingcom.in/assets/images/resources/logo-1.png]
[rkwaterproofingcom.in/assets/vendors/jquery/jquery-3.6.0.min.js]
[rkwaterproofingcom.in/assets/vendors/bootstrap/js/bootstrap.bundle.min.js]
[rkwaterproofingcom.in/assets/vendors/jarallax/jarallax.min.js]
[rkwaterproofingcom.in/assets/vendors/jquery-ajaxchimp/jquery.ajaxchimp.min.js]
[rkwaterproofingcom.in/assets/vendors/jquery-appear/jquery.appear.min.js]
[rkwaterproofingcom.in/assets/vendors/jquery-circle-progress/jquery.circle-progress.min.js]
[rkwaterproofingcom.in/assets/vendors/jquery-magnific-popup/jquery.magnific-popup.min.js]
[rkwaterproofingcom.in/assets/vendors/jquery-validate/jquery.validate.min.js]
[rkwaterproofingcom.in/assets/vendors/nouislider/nouislider.min.js]
[rkwaterproofingcom.in/assets/vendors/odometer/odometer.min.js]
[rkwaterproofingcom.in/assets/vendors/swiper/swiper.min.js]
[rkwaterproofingcom.in/assets/vendors/tiny-slider/tiny-slider.min.js]
[rkwaterproofingcom.in/assets/vendors/wnumb/wNumb.min.js]
[rkwaterproofingcom.in/assets/vendors/wow/wow.js]
[rkwaterproofingcom.in/assets/vendors/isotope/isotope.js]
[rkwaterproofingcom.in/assets/vendors/countdown/countdown.min.js]
[rkwaterproofingcom.in/assets/vendors/owl-carousel/owl.carousel.min.js]
[rkwaterproofingcom.in/assets/vendors/bxslider/jquery.bxslider.min.js]
[rkwaterproofingcom.in/assets/vendors/bootstrap-select/js/bootstrap-select.min.js]
[rkwaterproofingcom.in/assets/vendors/vegas/vegas.min.js]
[rkwaterproofingcom.in/assets/vendors/jquery-ui/jquery-ui.js]
[rkwaterproofingcom.in/assets/vendors/timepicker/timePicker.js]
[rkwaterproofingcom.in/assets/vendors/circleType/jquery.circleType.js]
[rkwaterproofingcom.in/assets/vendors/circleType/jquery.lettering.min.js]
[rkwaterproofingcom.in/assets/vendors/sidebar-content/jquery-sidebar-content.js]
[rkwaterproofingcom.in/assets/vendors/tweenmax/TweenMax.min.js]
[rkwaterproofingcom.in/assets/js/endreox.js]
[rkwaterproofingcom.in/index.html]
[rkwaterproofingcom.in/assets/vendors/bootstrap/css/bootstrap.min.css]
[rkwaterproofingcom.in/assets/vendors/animate/animate.min.css]
[rkwaterproofingcom.in/assets/vendors/animate/custom-animate.css]
[rkwaterproofingcom.in/assets/vendors/fontawesome/webfonts/fa-brands-400.eot]
[rkwaterproofingcom.in/assets/vendors/fontawesome/webfonts/fa-brands-400d41dd41d.eot]
[rkwaterproofingcom.in/assets/vendors/fontawesome/webfonts/fa-brands-400.woff]
[rkwaterproofingcom.in/assets/vendors/fontawesome/webfonts/fa-brands-400.ttf]
[rkwaterproofingcom.in/assets/vendors/fontawesome/webfonts/fa-regular-400.eot]
[rkwaterproofingcom.in/assets/vendors/fontawesome/webfonts/fa-regular-400d41dd41d.eot]
[rkwaterproofingcom.in/assets/vendors/fontawesome/webfonts/fa-regular-400.woff]
[rkwaterproofingcom.in/assets/vendors/fontawesome/webfonts/fa-regular-400.ttf]
[rkwaterproofingcom.in/assets/vendors/fontawesome/webfonts/fa-solid-900.eot]
[rkwaterproofingcom.in/assets/vendors/fontawesome/webfonts/fa-solid-900d41dd41d.eot]
[rkwaterproofingcom.in/assets/vendors/fontawesome/webfonts/fa-solid-900.woff]
[rkwaterproofingcom.in/assets/vendors/fontawesome/webfonts/fa-solid-900.ttf]
[rkwaterproofingcom.in/assets/vendors/fontawesome/css/all.min.css]
[rkwaterproofingcom.in/assets/vendors/jarallax/jarallax.css]
[rkwaterproofingcom.in/assets/vendors/jquery-magnific-popup/jquery.magnific-popup.css]
[rkwaterproofingcom.in/assets/vendors/nouislider/nouislider.min.css]
[rkwaterproofingcom.in/assets/vendors/nouislider/nouislider.pips.css]
[rkwaterproofingcom.in/assets/vendors/odometer/odometer.min.css]
[rkwaterproofingcom.in/assets/vendors/swiper/swiper.min.css]
[rkwaterproofingcom.in/assets/vendors/endreox-icons/fonts/icomoone5dae5da.eot]
[rkwaterproofingcom.in/assets/vendors/endreox-icons/fonts/icomoone5dae5da.ttf]
[rkwaterproofingcom.in/assets/vendors/endreox-icons/fonts/icomoone5dae5da.woff]
[rkwaterproofingcom.in/assets/vendors/endreox-icons/style.css]
[rkwaterproofingcom.in/assets/vendors/tiny-slider/tiny-slider.min.css]
[rkwaterproofingcom.in/assets/vendors/reey-font/reey-regular-webfont.woff]
[rkwaterproofingcom.in/assets/vendors/reey-font/stylesheet.css]
[rkwaterproofingcom.in/assets/vendors/owl-carousel/404.html]
[rkwaterproofingcom.in/assets/vendors/owl-carousel/owl.carousel.min.css]
[rkwaterproofingcom.in/assets/vendors/owl-carousel/owl.theme.default.min.css]
[rkwaterproofingcom.in/assets/vendors/images/icon/404.html]
[rkwaterproofingcom.in/assets/vendors/img/bx-slider/404.html]
[rkwaterproofingcom.in/assets/vendors/bxslider/jquery.bxslider.css]
[rkwaterproofingcom.in/assets/vendors/bootstrap-select/css/bootstrap-select.min.css]
[rkwaterproofingcom.in/assets/vendors/vegas/overlays/404.html]
[rkwaterproofingcom.in/assets/vendors/vegas/vegas.min.css]
[rkwaterproofingcom.in/assets/vendors/jquery-ui/images/ui-bg_highlight-soft_75_cccccc_1x100.png]
[rkwaterproofingcom.in/assets/vendors/jquery-ui/images/ui-bg_glass_75_e6e6e6_1x400.png]
[rkwaterproofingcom.in/assets/vendors/jquery-ui/images/ui-bg_glass_75_dadada_1x400.png]
[rkwaterproofingcom.in/assets/vendors/jquery-ui/images/ui-bg_glass_65_ffffff_1x400.png]
[rkwaterproofingcom.in/assets/vendors/jquery-ui/images/ui-bg_glass_55_fbf9ee_1x400.png]
[rkwaterproofingcom.in/assets/vendors/jquery-ui/images/ui-bg_glass_95_fef1ec_1x400.png]
[rkwaterproofingcom.in/assets/vendors/jquery-ui/images/ui-icons_222222_256x240.png]
[rkwaterproofingcom.in/assets/vendors/jquery-ui/images/ui-icons_888888_256x240.png]
[rkwaterproofingcom.in/assets/vendors/jquery-ui/images/ui-icons_454545_256x240.png]
[rkwaterproofingcom.in/assets/vendors/jquery-ui/images/ui-icons_2e83ff_256x240.png]
[rkwaterproofingcom.in/assets/vendors/jquery-ui/images/ui-icons_cd0a0a_256x240.png]
[rkwaterproofingcom.in/assets/vendors/jquery-ui/jquery-ui.css]
[rkwaterproofingcom.in/assets/vendors/timepicker/images/404.html]
[rkwaterproofingcom.in/assets/vendors/timepicker/timePicker.css]
[rkwaterproofingcom.in/assets/vendors/free-hand-font/freehand_521_bt-webfont.woff]
[rkwaterproofingcom.in/assets/vendors/free-hand-font/stylesheet.css]
[rkwaterproofingcom.in/assets/images/icon/404.html]
[rkwaterproofingcom.in/assets/css/endreox.css]
[rkwaterproofingcom.in/assets/css/endreox-responsive.css]
[rkwaterproofingcom.in/assets/images/backgrounds/page-header-bg.png]
[rkwaterproofingcom.in/assets/images/shapes/page-header-shape-1.png]
[rkwaterproofingcom.in/enquiry.html]
[rkwaterproofingcom.in/assets/images/featured2.jpg]
[rkwaterproofingcom.in/assets/images/featured1.jpg]
[rkwaterproofingcom.in/about.html]
[rkwaterproofingcom.in/assets/images/services/liquid-membrane/liq2.jpg]
[rkwaterproofingcom.in/assets/images/services/liquid-membrane/liq3.jpg]
[rkwaterproofingcom.in/assets/images/services/cementatious-coating/cement1.jpg]
[rkwaterproofingcom.in/assets/images/services/cementatious-coating/cement2.jpg]
[rkwaterproofingcom.in/assets/images/services/heat-insulating/heat2.jpg]
[rkwaterproofingcom.in/assets/images/services/heat-insulating/heat1.jpg]
[rkwaterproofingcom.in/assets/images/services/heat-insulating/heat3.jpg]
[rkwaterproofingcom.in/assets/images/services/decorative/dec3.jpg]
[rkwaterproofingcom.in/assets/images/services/decorative/dec1.jpg]
[rkwaterproofingcom.in/assets/images/services/expansion-joints/exj1.jpg]
[rkwaterproofingcom.in/assets/images/services/expansion-joints/exj2.jpg]
[rkwaterproofingcom.in/assets/images/services/injection-grouting/injection1.jpg]
[rkwaterproofingcom.in/assets/images/services/injection-grouting/injection2.jpg]
[rkwaterproofingcom.in/assets/images/services/injection-grouting/injection3.jpg]
[rkwaterproofingcom.in/assets/images/services/waterproofing/water2.jpg]
[rkwaterproofingcom.in/assets/images/services/waterproofing/water1.jpg]
[rkwaterproofingcom.in/assets/images/services/waterproofing/water3.jpg]
[rkwaterproofingcom.in/assets/images/services/protective/protective2.jpg]
[rkwaterproofingcom.in/assets/images/services/protective/protective3.jpg]
[rkwaterproofingcom.in/assets/images/services/bat1.jpg]
[rkwaterproofingcom.in/assets/images/services/bat2.jpg]
[rkwaterproofingcom.in/assets/images/services/bat3.jpg]
[rkwaterproofingcom.in/assets/images/services/kota1.jpg]
[rkwaterproofingcom.in/assets/images/services/kota2.jpg]
[rkwaterproofingcom.in/assets/images/services/kota3.jpg]
[rkwaterproofingcom.in/assets/images/services/china1.jpg]
[rkwaterproofingcom.in/assets/images/services/china2.jpg]
[rkwaterproofingcom.in/assets/images/services/china3.jpg]
[rkwaterproofingcom.in/services.html]
[rkwaterproofingcom.in/assets/images/work/injection.jpg]
[rkwaterproofingcom.in/assets/images/work/exjoints.jpg]
[rkwaterproofingcom.in/assets/images/work/material.jpg]
[rkwaterproofingcom.in/assets/images/work/chemical.jpg]
[rkwaterproofingcom.in/assets/images/work/painting.jpg]
[rkwaterproofingcom.in/assets/images/work/protective.jpg]
[rkwaterproofingcom.in/assets/images/work/heat.jpg]
[rkwaterproofingcom.in/assets/images/work/capillary.jpg]
[rkwaterproofingcom.in/assets/images/work/exterior.jpg]
[rkwaterproofingcom.in/assets/images/work/construction.jpg]
[rkwaterproofingcom.in/work.html]
[rkwaterproofingcom.in/assets/images/backgrounds/project-page-one-bg.jpg]
[rkwaterproofingcom.in/assets/images/work/tr3.jpg]
[rkwaterproofingcom.in/assets/images/work/tr5.jpg]
[rkwaterproofingcom.in/assets/images/work/tr4.jpg]
[rkwaterproofingcom.in/assets/images/work/tr8.jpg]
[rkwaterproofingcom.in/assets/images/work/tr9.jpg]
[rkwaterproofingcom.in/assets/images/work/tr10.jpg]
[rkwaterproofingcom.in/assets/images/work/tr11.jpg]
[rkwaterproofingcom.in/assets/images/work/tr12.jpg]
[rkwaterproofingcom.in/assets/images/work/tr13.jpg]
[rkwaterproofingcom.in/assets/images/work/tr14.jpg]
[rkwaterproofingcom.in/assets/images/work/tr15.jpg]
[rkwaterproofingcom.in/assets/images/work/tr17.jpg]
[rkwaterproofingcom.in/assets/images/work/tr16.jpg]
[rkwaterproofingcom.in/assets/images/work/tr18.jpg]
[rkwaterproofingcom.in/assets/images/work/tr19.jpg]
[rkwaterproofingcom.in/assets/images/work/tr22.jpg]
[rkwaterproofingcom.in/assets/images/work/tr21.jpg]
[rkwaterproofingcom.in/assets/images/work/tr23.jpg]
[rkwaterproofingcom.in/gallery.html]
[rkwaterproofingcom.in/contact.html]
[rkwaterproofingcom.in/about-2.html]
[rkwaterproofingcom.in/team.html]
[rkwaterproofingcom.in/index-2.html]
[rkwaterproofingcom.in/index-3.html]
[rkwaterproofingcom.in/assets/vendors/fontawesome/webfonts/fa-brands-400.html]
[rkwaterproofingcom.in/assets/vendors/fontawesome/webfonts/fa-brands-400.svg]
[rkwaterproofingcom.in/assets/vendors/fontawesome/webfonts/fa-regular-400.html]
[rkwaterproofingcom.in/assets/vendors/fontawesome/webfonts/fa-regular-400.svg]
[rkwaterproofingcom.in/assets/vendors/fontawesome/webfonts/fa-solid-900.html]
[rkwaterproofingcom.in/assets/vendors/fontawesome/webfonts/fa-solid-900.svg]
[rkwaterproofingcom.in/assets/vendors/endreox-icons/fonts/icomoone5dae5da.svg]
[rkwaterproofingcom.in/assets/vendors/reey-font/reey-regular-webfont.html]
[rkwaterproofingcom.in/assets/vendors/owl-carousel/404.html]
[rkwaterproofingcom.in/assets/vendors/images/icon/404.html]
[rkwaterproofingcom.in/assets/vendors/img/bx-slider/404.html]
[rkwaterproofingcom.in/assets/vendors/vegas/overlays/404.html]
[rkwaterproofingcom.in/assets/vendors/timepicker/images/404.html]
[rkwaterproofingcom.in/assets/vendors/free-hand-font/freehand_521_bt-webfont.html]
[rkwaterproofingcom.in/assets/images/icon/404.html]
[rkwaterproofingcom.in/assets/vendors/owl-carousel/assets/images/favicons/apple-touch-icon.html]
[rkwaterproofingcom.in/assets/vendors/owl-carousel/assets/images/favicons/favicon-32x32.html]
[rkwaterproofingcom.in/assets/vendors/owl-carousel/assets/images/favicons/favicon-16x16.html]
[rkwaterproofingcom.in/assets/vendors/owl-carousel/assets/images/favicons/site.html]
[rkwaterproofingcom.in/assets/vendors/owl-carousel/assets/vendors/bootstrap/css/bootstrap.min.html]
[rkwaterproofingcom.in/assets/vendors/owl-carousel/assets/vendors/animate/animate.min.html]
[rkwaterproofingcom.in/assets/vendors/owl-carousel/assets/vendors/animate/custom-animate.html]
[rkwaterproofingcom.in/assets/vendors/owl-carousel/assets/vendors/fontawesome/css/all.min.html]
[rkwaterproofingcom.in/assets/vendors/owl-carousel/assets/vendors/jarallax/jarallax.html]
[rkwaterproofingcom.in/assets/vendors/owl-carousel/assets/vendors/jquery-magnific-popup/jquery.magnific-popup.html]
[rkwaterproofingcom.in/assets/vendors/owl-carousel/assets/vendors/nouislider/nouislider.min.html]
[rkwaterproofingcom.in/assets/vendors/owl-carousel/assets/vendors/nouislider/nouislider.pips.html]
[rkwaterproofingcom.in/assets/vendors/owl-carousel/assets/vendors/odometer/odometer.min.html]
[rkwaterproofingcom.in/assets/vendors/owl-carousel/assets/vendors/swiper/swiper.min.html]
[rkwaterproofingcom.in/assets/vendors/owl-carousel/assets/vendors/endreox-icons/style.html]
[rkwaterproofingcom.in/assets/vendors/owl-carousel/assets/vendors/tiny-slider/tiny-slider.min.html]
[rkwaterproofingcom.in/assets/vendors/owl-carousel/assets/vendors/reey-font/stylesheet.html]
[rkwaterproofingcom.in/assets/vendors/owl-carousel/assets/vendors/owl-carousel/owl.carousel.min.html]
[rkwaterproofingcom.in/assets/vendors/owl-carousel/assets/vendors/owl-carousel/owl.theme.default.min.html]
[rkwaterproofingcom.in/assets/vendors/owl-carousel/assets/vendors/bxslider/jquery.bxslider.html]
[rkwaterproofingcom.in/assets/vendors/owl-carousel/assets/vendors/bootstrap-select/css/bootstrap-select.min.html]
[rkwaterproofingcom.in/assets/vendors/owl-carousel/assets/vendors/vegas/vegas.min.html]
[rkwaterproofingcom.in/assets/vendors/owl-carousel/assets/vendors/jquery-ui/jquery-ui.html]
[rkwaterproofingcom.in/assets/vendors/owl-carousel/assets/vendors/timepicker/timePicker.html]
[rkwaterproofingcom.in/assets/vendors/owl-carousel/assets/vendors/free-hand-font/stylesheet.html]
[rkwaterproofingcom.in/assets/vendors/owl-carousel/assets/css/endreox.html]
[rkwaterproofingcom.in/assets/vendors/owl-carousel/assets/css/endreox-responsive.html]
[rkwaterproofingcom.in/assets/vendors/owl-carousel/index.html]
[rkwaterproofingcom.in/assets/vendors/owl-carousel/assets/images/resources/logo-1.html]
[rkwaterproofingcom.in/assets/vendors/owl-carousel/index2.html]
[rkwaterproofingcom.in/assets/vendors/owl-carousel/index3.html]
[rkwaterproofingcom.in/assets/vendors/owl-carousel/about.html]
[rkwaterproofingcom.in/assets/vendors/owl-carousel/services.html]
[rkwaterproofingcom.in/assets/vendors/owl-carousel/single-service.html]
[rkwaterproofingcom.in/assets/vendors/owl-carousel/electricals-service.html]
[rkwaterproofingcom.in/assets/vendors/owl-carousel/security-system.html]
[rkwaterproofingcom.in/assets/vendors/owl-carousel/electrical-panels.html]
[rkwaterproofingcom.in/assets/vendors/owl-carousel/airconditioning.html]
[rkwaterproofingcom.in/assets/vendors/owl-carousel/surge-protection.html]
[rkwaterproofingcom.in/assets/vendors/owl-carousel/indoor-lighting.html]
[rkwaterproofingcom.in/assets/vendors/owl-carousel/install-ceiling-fan.html]
[rkwaterproofingcom.in/assets/vendors/owl-carousel/baseboard-heating.html]
[rkwaterproofingcom.in/assets/vendors/owl-carousel/outdoor-lighting.html]
[rkwaterproofingcom.in/assets/vendors/owl-carousel/solar-installation.html]
[rkwaterproofingcom.in/assets/vendors/owl-carousel/upgrade-old-wiring.html]
[rkwaterproofingcom.in/assets/vendors/owl-carousel/project-1.html]
[rkwaterproofingcom.in/assets/vendors/owl-carousel/project-2.html]
[rkwaterproofingcom.in/assets/vendors/owl-carousel/project-3.html]
[rkwaterproofingcom.in/assets/vendors/owl-carousel/project-details.html]
[rkwaterproofingcom.in/assets/vendors/owl-carousel/appointment.html]
[rkwaterproofingcom.in/assets/vendors/owl-carousel/team.html]
[rkwaterproofingcom.in/assets/vendors/owl-carousel/testimonials.html]
[rkwaterproofingcom.in/assets/vendors/owl-carousel/faq.html]
[rkwaterproofingcom.in/assets/vendors/owl-carousel/company-history.html]
[rkwaterproofingcom.in/assets/vendors/owl-carousel/prices.html]
[rkwaterproofingcom.in/assets/vendors/owl-carousel/elements.html]
[rkwaterproofingcom.in/assets/vendors/owl-carousel/blog.html]
[rkwaterproofingcom.in/assets/vendors/owl-carousel/blog-grid.html]
[rkwaterproofingcom.in/assets/vendors/owl-carousel/blog-details.html]
[rkwaterproofingcom.in/assets/vendors/owl-carousel/contact.html]
[rkwaterproofingcom.in/assets/vendors/owl-carousel/assets/images/backgrounds/page-header-bg.html]
[rkwaterproofingcom.in/assets/vendors/owl-carousel/assets/images/shapes/page-header-shape-1.html]
[rkwaterproofingcom.in/assets/vendors/owl-carousel/assets/images/resources/404-1.html]
[rkwaterproofingcom.in/assets/vendors/owl-carousel/assets/images/shapes/site-footer-shape-1.html]
[rkwaterproofingcom.in/assets/vendors/owl-carousel/assets/images/resources/footer-widget-img-1.html]
[rkwaterproofingcom.in/assets/vendors/owl-carousel/assets/images/resources/footer-logo.html]
[rkwaterproofingcom.in/assets/vendors/owl-carousel/assets/vendors/jquery/jquery-3.6.0.min.html]
[rkwaterproofingcom.in/assets/vendors/owl-carousel/assets/vendors/bootstrap/js/bootstrap.bundle.min.html]
[rkwaterproofingcom.in/assets/vendors/owl-carousel/assets/vendors/jarallax/jarallax.min.html]
[rkwaterproofingcom.in/assets/vendors/owl-carousel/assets/vendors/jquery-ajaxchimp/jquery.ajaxchimp.min.html]
[rkwaterproofingcom.in/assets/vendors/owl-carousel/assets/vendors/jquery-appear/jquery.appear.min.html]
[rkwaterproofingcom.in/assets/vendors/owl-carousel/assets/vendors/jquery-circle-progress/jquery.circle-progress.min.html]
[rkwaterproofingcom.in/assets/vendors/owl-carousel/assets/vendors/jquery-magnific-popup/jquery.magnific-popup.min.html]
[rkwaterproofingcom.in/assets/vendors/owl-carousel/assets/vendors/jquery-validate/jquery.validate.min.html]
[rkwaterproofingcom.in/assets/vendors/owl-carousel/assets/vendors/nouislider/nouislider.min-2.html]
[rkwaterproofingcom.in/assets/vendors/owl-carousel/assets/vendors/odometer/odometer.min-2.html]
[rkwaterproofingcom.in/assets/vendors/owl-carousel/assets/vendors/swiper/swiper.min-2.html]
[rkwaterproofingcom.in/assets/vendors/owl-carousel/assets/vendors/tiny-slider/tiny-slider.min-2.html]
[rkwaterproofingcom.in/assets/vendors/owl-carousel/assets/vendors/wnumb/wNumb.min.html]
[rkwaterproofingcom.in/assets/vendors/owl-carousel/assets/vendors/wow/wow.html]
[rkwaterproofingcom.in/assets/vendors/owl-carousel/assets/vendors/isotope/isotope.html]
[rkwaterproofingcom.in/assets/vendors/owl-carousel/assets/vendors/countdown/countdown.min.html]
[rkwaterproofingcom.in/assets/vendors/owl-carousel/assets/vendors/owl-carousel/owl.carousel.min-2.html]
[rkwaterproofingcom.in/assets/vendors/owl-carousel/assets/vendors/bxslider/jquery.bxslider.min.html]
[rkwaterproofingcom.in/assets/vendors/owl-carousel/assets/vendors/bootstrap-select/js/bootstrap-select.min.html]
[rkwaterproofingcom.in/assets/vendors/owl-carousel/assets/vendors/vegas/vegas.min-2.html]
[rkwaterproofingcom.in/assets/vendors/owl-carousel/assets/vendors/jquery-ui/jquery-ui-2.html]
[rkwaterproofingcom.in/assets/vendors/owl-carousel/assets/vendors/timepicker/timePicker-2.html]
[rkwaterproofingcom.in/assets/vendors/owl-carousel/assets/vendors/circleType/jquery.circleType.html]
[rkwaterproofingcom.in/assets/vendors/owl-carousel/assets/vendors/circleType/jquery.lettering.min.html]
[rkwaterproofingcom.in/assets/vendors/owl-carousel/assets/vendors/sidebar-content/jquery-sidebar-content.html]
[rkwaterproofingcom.in/assets/vendors/owl-carousel/assets/vendors/tweenmax/TweenMax.min.html]
[rkwaterproofingcom.in/assets/vendors/owl-carousel/assets/js/endreox.html]
[rkwaterproofingcom.in/assets/vendors/images/icon/assets/images/favicons/apple-touch-icon.html]
[rkwaterproofingcom.in/assets/vendors/images/icon/assets/images/favicons/favicon-32x32.html]
[rkwaterproofingcom.in/assets/vendors/images/icon/assets/images/favicons/favicon-16x16.html]
[rkwaterproofingcom.in/assets/vendors/images/icon/assets/images/favicons/site.html]
[rkwaterproofingcom.in/assets/vendors/images/icon/assets/vendors/bootstrap/css/bootstrap.min.html]
[rkwaterproofingcom.in/assets/vendors/images/icon/assets/vendors/animate/animate.min.html]
[rkwaterproofingcom.in/assets/vendors/images/icon/assets/vendors/animate/custom-animate.html]
[rkwaterproofingcom.in/assets/vendors/images/icon/assets/vendors/fontawesome/css/all.min.html]
[rkwaterproofingcom.in/assets/vendors/images/icon/assets/vendors/jarallax/jarallax.html]
[rkwaterproofingcom.in/assets/vendors/images/icon/assets/vendors/jquery-magnific-popup/jquery.magnific-popup.html]
[rkwaterproofingcom.in/assets/vendors/images/icon/assets/vendors/nouislider/nouislider.min.html]
[rkwaterproofingcom.in/assets/vendors/images/icon/assets/vendors/nouislider/nouislider.pips.html]
[rkwaterproofingcom.in/assets/vendors/images/icon/assets/vendors/odometer/odometer.min.html]
[rkwaterproofingcom.in/assets/vendors/images/icon/assets/vendors/swiper/swiper.min.html]
[rkwaterproofingcom.in/assets/vendors/images/icon/assets/vendors/endreox-icons/style.html]
[rkwaterproofingcom.in/assets/vendors/images/icon/assets/vendors/tiny-slider/tiny-slider.min.html]
[rkwaterproofingcom.in/assets/vendors/images/icon/assets/vendors/reey-font/stylesheet.html]
[rkwaterproofingcom.in/assets/vendors/images/icon/assets/vendors/owl-carousel/owl.carousel.min.html]
[rkwaterproofingcom.in/assets/vendors/images/icon/assets/vendors/owl-carousel/owl.theme.default.min.html]
[rkwaterproofingcom.in/assets/vendors/images/icon/assets/vendors/bxslider/jquery.bxslider.html]
[rkwaterproofingcom.in/assets/vendors/images/icon/assets/vendors/bootstrap-select/css/bootstrap-select.min.html]
[rkwaterproofingcom.in/assets/vendors/images/icon/assets/vendors/vegas/vegas.min.html]
[rkwaterproofingcom.in/assets/vendors/images/icon/assets/vendors/jquery-ui/jquery-ui.html]
[rkwaterproofingcom.in/assets/vendors/images/icon/assets/vendors/timepicker/timePicker.html]
[rkwaterproofingcom.in/assets/vendors/images/icon/assets/vendors/free-hand-font/stylesheet.html]
[rkwaterproofingcom.in/assets/vendors/images/icon/assets/css/endreox.html]
[rkwaterproofingcom.in/assets/vendors/images/icon/assets/css/endreox-responsive.html]
[rkwaterproofingcom.in/assets/vendors/images/icon/index.html]
[rkwaterproofingcom.in/assets/vendors/images/icon/assets/images/resources/logo-1.html]
[rkwaterproofingcom.in/assets/vendors/images/icon/index2.html]
[rkwaterproofingcom.in/assets/vendors/images/icon/index3.html]
[rkwaterproofingcom.in/assets/vendors/images/icon/about.html]
[rkwaterproofingcom.in/assets/vendors/images/icon/services.html]
[rkwaterproofingcom.in/assets/vendors/images/icon/single-service.html]
[rkwaterproofingcom.in/assets/vendors/images/icon/electricals-service.html]
[rkwaterproofingcom.in/assets/vendors/images/icon/security-system.html]
[rkwaterproofingcom.in/assets/vendors/images/icon/electrical-panels.html]
[rkwaterproofingcom.in/assets/vendors/images/icon/airconditioning.html]
[rkwaterproofingcom.in/assets/vendors/images/icon/surge-protection.html]
[rkwaterproofingcom.in/assets/vendors/images/icon/indoor-lighting.html]
[rkwaterproofingcom.in/assets/vendors/images/icon/install-ceiling-fan.html]
[rkwaterproofingcom.in/assets/vendors/images/icon/baseboard-heating.html]
[rkwaterproofingcom.in/assets/vendors/images/icon/outdoor-lighting.html]
[rkwaterproofingcom.in/assets/vendors/images/icon/solar-installation.html]
[rkwaterproofingcom.in/assets/vendors/images/icon/upgrade-old-wiring.html]
[rkwaterproofingcom.in/assets/vendors/images/icon/project-1.html]
[rkwaterproofingcom.in/assets/vendors/images/icon/project-2.html]
[rkwaterproofingcom.in/assets/vendors/images/icon/project-3.html]
[rkwaterproofingcom.in/assets/vendors/images/icon/project-details.html]
[rkwaterproofingcom.in/assets/vendors/images/icon/appointment.html]
[rkwaterproofingcom.in/assets/vendors/images/icon/team.html]
[rkwaterproofingcom.in/assets/vendors/images/icon/testimonials.html]
[rkwaterproofingcom.in/assets/vendors/images/icon/faq.html]
[rkwaterproofingcom.in/assets/vendors/images/icon/company-history.html]
[rkwaterproofingcom.in/assets/vendors/images/icon/prices.html]
[rkwaterproofingcom.in/assets/vendors/images/icon/elements.html]
[rkwaterproofingcom.in/assets/vendors/images/icon/blog.html]
[rkwaterproofingcom.in/assets/vendors/images/icon/blog-grid.html]
[rkwaterproofingcom.in/assets/vendors/images/icon/blog-details.html]
[rkwaterproofingcom.in/assets/vendors/images/icon/contact.html]
[rkwaterproofingcom.in/assets/vendors/images/icon/assets/images/backgrounds/page-header-bg.html]
[rkwaterproofingcom.in/assets/vendors/images/icon/assets/images/shapes/page-header-shape-1.html]
[rkwaterproofingcom.in/assets/vendors/images/icon/assets/images/resources/404-1.html]
[rkwaterproofingcom.in/assets/vendors/images/icon/assets/images/shapes/site-footer-shape-1.html]
[rkwaterproofingcom.in/assets/vendors/images/icon/assets/images/resources/footer-widget-img-1.html]
[rkwaterproofingcom.in/assets/vendors/images/icon/assets/images/resources/footer-logo.html]
[rkwaterproofingcom.in/assets/vendors/images/icon/assets/vendors/jquery/jquery-3.6.0.min.html]
[rkwaterproofingcom.in/assets/vendors/images/icon/assets/vendors/bootstrap/js/bootstrap.bundle.min.html]
[rkwaterproofingcom.in/assets/vendors/images/icon/assets/vendors/jarallax/jarallax.min.html]
[rkwaterproofingcom.in/assets/vendors/images/icon/assets/vendors/jquery-ajaxchimp/jquery.ajaxchimp.min.html]
[rkwaterproofingcom.in/assets/vendors/images/icon/assets/vendors/jquery-appear/jquery.appear.min.html]
[rkwaterproofingcom.in/assets/vendors/images/icon/assets/vendors/jquery-circle-progress/jquery.circle-progress.min.html]
[rkwaterproofingcom.in/assets/vendors/images/icon/assets/vendors/jquery-magnific-popup/jquery.magnific-popup.min.html]
[rkwaterproofingcom.in/assets/vendors/images/icon/assets/vendors/jquery-validate/jquery.validate.min.html]
[rkwaterproofingcom.in/assets/vendors/images/icon/assets/vendors/nouislider/nouislider.min-2.html]
[rkwaterproofingcom.in/assets/vendors/images/icon/assets/vendors/odometer/odometer.min-2.html]
[rkwaterproofingcom.in/assets/vendors/images/icon/assets/vendors/swiper/swiper.min-2.html]
[rkwaterproofingcom.in/assets/vendors/images/icon/assets/vendors/tiny-slider/tiny-slider.min-2.html]
[rkwaterproofingcom.in/assets/vendors/images/icon/assets/vendors/wnumb/wNumb.min.html]
[rkwaterproofingcom.in/assets/vendors/images/icon/assets/vendors/wow/wow.html]
[rkwaterproofingcom.in/assets/vendors/images/icon/assets/vendors/isotope/isotope.html]
[rkwaterproofingcom.in/assets/vendors/images/icon/assets/vendors/countdown/countdown.min.html]
[rkwaterproofingcom.in/assets/vendors/images/icon/assets/vendors/owl-carousel/owl.carousel.min-2.html]
[rkwaterproofingcom.in/assets/vendors/images/icon/assets/vendors/bxslider/jquery.bxslider.min.html]
[rkwaterproofingcom.in/assets/vendors/images/icon/assets/vendors/bootstrap-select/js/bootstrap-select.min.html]
[rkwaterproofingcom.in/assets/vendors/images/icon/assets/vendors/vegas/vegas.min-2.html]
[rkwaterproofingcom.in/assets/vendors/images/icon/assets/vendors/jquery-ui/jquery-ui-2.html]
[rkwaterproofingcom.in/assets/vendors/images/icon/assets/vendors/timepicker/timePicker-2.html]
[rkwaterproofingcom.in/assets/vendors/images/icon/assets/vendors/circleType/jquery.circleType.html]
[rkwaterproofingcom.in/assets/vendors/images/icon/assets/vendors/circleType/jquery.lettering.min.html]
[rkwaterproofingcom.in/assets/vendors/images/icon/assets/vendors/sidebar-content/jquery-sidebar-content.html]
[rkwaterproofingcom.in/assets/vendors/images/icon/assets/vendors/tweenmax/TweenMax.min.html]
[rkwaterproofingcom.in/assets/vendors/images/icon/assets/js/endreox.html]
[rkwaterproofingcom.in/assets/vendors/img/bx-slider/assets/images/favicons/apple-touch-icon.html]
[rkwaterproofingcom.in/assets/vendors/img/bx-slider/assets/images/favicons/favicon-32x32.html]
[rkwaterproofingcom.in/assets/vendors/img/bx-slider/assets/images/favicons/favicon-16x16.html]
[rkwaterproofingcom.in/assets/vendors/img/bx-slider/assets/images/favicons/site.html]
[rkwaterproofingcom.in/assets/vendors/img/bx-slider/assets/vendors/bootstrap/css/bootstrap.min.html]
[rkwaterproofingcom.in/assets/vendors/img/bx-slider/assets/vendors/animate/animate.min.html]
[rkwaterproofingcom.in/assets/vendors/img/bx-slider/assets/vendors/animate/custom-animate.html]
[rkwaterproofingcom.in/assets/vendors/img/bx-slider/assets/vendors/fontawesome/css/all.min.html]
[rkwaterproofingcom.in/assets/vendors/img/bx-slider/assets/vendors/jarallax/jarallax.html]
[rkwaterproofingcom.in/assets/vendors/img/bx-slider/assets/vendors/jquery-magnific-popup/jquery.magnific-popup.html]
[rkwaterproofingcom.in/assets/vendors/img/bx-slider/assets/vendors/nouislider/nouislider.min.html]
[rkwaterproofingcom.in/assets/vendors/img/bx-slider/assets/vendors/nouislider/nouislider.pips.html]
[rkwaterproofingcom.in/assets/vendors/img/bx-slider/assets/vendors/odometer/odometer.min.html]
[rkwaterproofingcom.in/assets/vendors/img/bx-slider/assets/vendors/swiper/swiper.min.html]
[rkwaterproofingcom.in/assets/vendors/img/bx-slider/assets/vendors/endreox-icons/style.html]
[rkwaterproofingcom.in/assets/vendors/img/bx-slider/assets/vendors/tiny-slider/tiny-slider.min.html]
[rkwaterproofingcom.in/assets/vendors/img/bx-slider/assets/vendors/reey-font/stylesheet.html]
[rkwaterproofingcom.in/assets/vendors/img/bx-slider/assets/vendors/owl-carousel/owl.carousel.min.html]
[rkwaterproofingcom.in/assets/vendors/img/bx-slider/assets/vendors/owl-carousel/owl.theme.default.min.html]
[rkwaterproofingcom.in/assets/vendors/img/bx-slider/assets/vendors/bxslider/jquery.bxslider.html]
[rkwaterproofingcom.in/assets/vendors/img/bx-slider/assets/vendors/bootstrap-select/css/bootstrap-select.min.html]
[rkwaterproofingcom.in/assets/vendors/img/bx-slider/assets/vendors/vegas/vegas.min.html]
[rkwaterproofingcom.in/assets/vendors/img/bx-slider/assets/vendors/jquery-ui/jquery-ui.html]
[rkwaterproofingcom.in/assets/vendors/img/bx-slider/assets/vendors/timepicker/timePicker.html]
[rkwaterproofingcom.in/assets/vendors/img/bx-slider/assets/vendors/free-hand-font/stylesheet.html]
[rkwaterproofingcom.in/assets/vendors/img/bx-slider/assets/css/endreox.html]
[rkwaterproofingcom.in/assets/vendors/img/bx-slider/assets/css/endreox-responsive.html]
[rkwaterproofingcom.in/assets/vendors/img/bx-slider/index.html]
[rkwaterproofingcom.in/assets/vendors/img/bx-slider/assets/images/resources/logo-1.html]
[rkwaterproofingcom.in/assets/vendors/img/bx-slider/index2.html]
[rkwaterproofingcom.in/assets/vendors/img/bx-slider/index3.html]
[rkwaterproofingcom.in/assets/vendors/img/bx-slider/about.html]
[rkwaterproofingcom.in/assets/vendors/img/bx-slider/services.html]
[rkwaterproofingcom.in/assets/vendors/img/bx-slider/single-service.html]
[rkwaterproofingcom.in/assets/vendors/img/bx-slider/electricals-service.html]
[rkwaterproofingcom.in/assets/vendors/img/bx-slider/security-system.html]
[rkwaterproofingcom.in/assets/vendors/img/bx-slider/electrical-panels.html]
[rkwaterproofingcom.in/assets/vendors/img/bx-slider/airconditioning.html]
[rkwaterproofingcom.in/assets/vendors/img/bx-slider/surge-protection.html]
[rkwaterproofingcom.in/assets/vendors/img/bx-slider/indoor-lighting.html]
[rkwaterproofingcom.in/assets/vendors/img/bx-slider/install-ceiling-fan.html]
[rkwaterproofingcom.in/assets/vendors/img/bx-slider/baseboard-heating.html]
[rkwaterproofingcom.in/assets/vendors/img/bx-slider/outdoor-lighting.html]
[rkwaterproofingcom.in/assets/vendors/img/bx-slider/solar-installation.html]
[rkwaterproofingcom.in/assets/vendors/img/bx-slider/upgrade-old-wiring.html]
[rkwaterproofingcom.in/assets/vendors/img/bx-slider/project-1.html]
[rkwaterproofingcom.in/assets/vendors/img/bx-slider/project-2.html]
[rkwaterproofingcom.in/assets/vendors/img/bx-slider/project-3.html]
[rkwaterproofingcom.in/assets/vendors/img/bx-slider/project-details.html]
[rkwaterproofingcom.in/assets/vendors/img/bx-slider/appointment.html]
[rkwaterproofingcom.in/assets/vendors/img/bx-slider/team.html]
[rkwaterproofingcom.in/assets/vendors/img/bx-slider/testimonials.html]
[rkwaterproofingcom.in/assets/vendors/img/bx-slider/faq.html]
[rkwaterproofingcom.in/assets/vendors/img/bx-slider/company-history.html]
[rkwaterproofingcom.in/assets/vendors/img/bx-slider/prices.html]
[rkwaterproofingcom.in/assets/vendors/img/bx-slider/elements.html]
[rkwaterproofingcom.in/assets/vendors/img/bx-slider/blog.html]
[rkwaterproofingcom.in/assets/vendors/img/bx-slider/blog-grid.html]
[rkwaterproofingcom.in/assets/vendors/img/bx-slider/blog-details.html]
[rkwaterproofingcom.in/assets/vendors/img/bx-slider/contact.html]
[rkwaterproofingcom.in/assets/vendors/img/bx-slider/assets/images/backgrounds/page-header-bg.html]
[rkwaterproofingcom.in/assets/vendors/img/bx-slider/assets/images/shapes/page-header-shape-1.html]
[rkwaterproofingcom.in/assets/vendors/img/bx-slider/assets/images/resources/404-1.html]
[rkwaterproofingcom.in/assets/vendors/img/bx-slider/assets/images/shapes/site-footer-shape-1.html]
[rkwaterproofingcom.in/assets/vendors/img/bx-slider/assets/images/resources/footer-widget-img-1.html]
[rkwaterproofingcom.in/assets/vendors/img/bx-slider/assets/images/resources/footer-logo.html]
[rkwaterproofingcom.in/assets/vendors/img/bx-slider/assets/vendors/jquery/jquery-3.6.0.min.html]
[rkwaterproofingcom.in/assets/vendors/img/bx-slider/assets/vendors/bootstrap/js/bootstrap.bundle.min.html]
[rkwaterproofingcom.in/assets/vendors/img/bx-slider/assets/vendors/jarallax/jarallax.min.html]
[rkwaterproofingcom.in/assets/vendors/img/bx-slider/assets/vendors/jquery-ajaxchimp/jquery.ajaxchimp.min.html]
[rkwaterproofingcom.in/assets/vendors/img/bx-slider/assets/vendors/jquery-appear/jquery.appear.min.html]
[rkwaterproofingcom.in/assets/vendors/img/bx-slider/assets/vendors/jquery-circle-progress/jquery.circle-progress.min.html]
[rkwaterproofingcom.in/assets/vendors/img/bx-slider/assets/vendors/jquery-magnific-popup/jquery.magnific-popup.min.html]
[rkwaterproofingcom.in/assets/vendors/img/bx-slider/assets/vendors/jquery-validate/jquery.validate.min.html]
[rkwaterproofingcom.in/assets/vendors/img/bx-slider/assets/vendors/nouislider/nouislider.min-2.html]
[rkwaterproofingcom.in/assets/vendors/img/bx-slider/assets/vendors/odometer/odometer.min-2.html]
[rkwaterproofingcom.in/assets/vendors/img/bx-slider/assets/vendors/swiper/swiper.min-2.html]
[rkwaterproofingcom.in/assets/vendors/img/bx-slider/assets/vendors/tiny-slider/tiny-slider.min-2.html]
[rkwaterproofingcom.in/assets/vendors/img/bx-slider/assets/vendors/wnumb/wNumb.min.html]
[rkwaterproofingcom.in/assets/vendors/img/bx-slider/assets/vendors/wow/wow.html]
[rkwaterproofingcom.in/assets/vendors/img/bx-slider/assets/vendors/isotope/isotope.html]
[rkwaterproofingcom.in/assets/vendors/img/bx-slider/assets/vendors/countdown/countdown.min.html]
[rkwaterproofingcom.in/assets/vendors/img/bx-slider/assets/vendors/owl-carousel/owl.carousel.min-2.html]
[rkwaterproofingcom.in/assets/vendors/img/bx-slider/assets/vendors/bxslider/jquery.bxslider.min.html]
[rkwaterproofingcom.in/assets/vendors/img/bx-slider/assets/vendors/bootstrap-select/js/bootstrap-select.min.html]
[rkwaterproofingcom.in/assets/vendors/img/bx-slider/assets/vendors/vegas/vegas.min-2.html]
[rkwaterproofingcom.in/assets/vendors/img/bx-slider/assets/vendors/jquery-ui/jquery-ui-2.html]
[rkwaterproofingcom.in/assets/vendors/img/bx-slider/assets/vendors/timepicker/timePicker-2.html]
[rkwaterproofingcom.in/assets/vendors/img/bx-slider/assets/vendors/circleType/jquery.circleType.html]
[rkwaterproofingcom.in/assets/vendors/img/bx-slider/assets/vendors/circleType/jquery.lettering.min.html]
[rkwaterproofingcom.in/assets/vendors/img/bx-slider/assets/vendors/sidebar-content/jquery-sidebar-content.html]
[rkwaterproofingcom.in/assets/vendors/img/bx-slider/assets/vendors/tweenmax/TweenMax.min.html]
[rkwaterproofingcom.in/assets/vendors/img/bx-slider/assets/js/endreox.html]
[rkwaterproofingcom.in/assets/vendors/vegas/overlays/assets/images/favicons/apple-touch-icon.html]
[rkwaterproofingcom.in/assets/vendors/vegas/overlays/assets/images/favicons/favicon-32x32.html]
[rkwaterproofingcom.in/assets/vendors/vegas/overlays/assets/images/favicons/favicon-16x16.html]
[rkwaterproofingcom.in/assets/vendors/vegas/overlays/assets/images/favicons/site.html]
[rkwaterproofingcom.in/assets/vendors/vegas/overlays/assets/vendors/bootstrap/css/bootstrap.min.html]
[rkwaterproofingcom.in/assets/vendors/vegas/overlays/assets/vendors/animate/animate.min.html]
[rkwaterproofingcom.in/assets/vendors/vegas/overlays/assets/vendors/animate/custom-animate.html]
[rkwaterproofingcom.in/assets/vendors/vegas/overlays/assets/vendors/fontawesome/css/all.min.html]
[rkwaterproofingcom.in/assets/vendors/vegas/overlays/assets/vendors/jarallax/jarallax.html]
[rkwaterproofingcom.in/assets/vendors/vegas/overlays/assets/vendors/jquery-magnific-popup/jquery.magnific-popup.html]
[rkwaterproofingcom.in/assets/vendors/vegas/overlays/assets/vendors/nouislider/nouislider.min.html]
[rkwaterproofingcom.in/assets/vendors/vegas/overlays/assets/vendors/nouislider/nouislider.pips.html]
[rkwaterproofingcom.in/assets/vendors/vegas/overlays/assets/vendors/odometer/odometer.min.html]
[rkwaterproofingcom.in/assets/vendors/vegas/overlays/assets/vendors/swiper/swiper.min.html]
[rkwaterproofingcom.in/assets/vendors/vegas/overlays/assets/vendors/endreox-icons/style.html]
[rkwaterproofingcom.in/assets/vendors/vegas/overlays/assets/vendors/tiny-slider/tiny-slider.min.html]
[rkwaterproofingcom.in/assets/vendors/vegas/overlays/assets/vendors/reey-font/stylesheet.html]
[rkwaterproofingcom.in/assets/vendors/vegas/overlays/assets/vendors/owl-carousel/owl.carousel.min.html]
[rkwaterproofingcom.in/assets/vendors/vegas/overlays/assets/vendors/owl-carousel/owl.theme.default.min.html]
[rkwaterproofingcom.in/assets/vendors/vegas/overlays/assets/vendors/bxslider/jquery.bxslider.html]
[rkwaterproofingcom.in/assets/vendors/vegas/overlays/assets/vendors/bootstrap-select/css/bootstrap-select.min.html]
[rkwaterproofingcom.in/assets/vendors/vegas/overlays/assets/vendors/vegas/vegas.min.html]
[rkwaterproofingcom.in/assets/vendors/vegas/overlays/assets/vendors/jquery-ui/jquery-ui.html]
[rkwaterproofingcom.in/assets/vendors/vegas/overlays/assets/vendors/timepicker/timePicker.html]
[rkwaterproofingcom.in/assets/vendors/vegas/overlays/assets/vendors/free-hand-font/stylesheet.html]
[rkwaterproofingcom.in/assets/vendors/vegas/overlays/assets/css/endreox.html]
[rkwaterproofingcom.in/assets/vendors/vegas/overlays/assets/css/endreox-responsive.html]
[rkwaterproofingcom.in/assets/vendors/vegas/overlays/index.html]
[rkwaterproofingcom.in/assets/vendors/vegas/overlays/assets/images/resources/logo-1.html]
[rkwaterproofingcom.in/assets/vendors/vegas/overlays/index2.html]
[rkwaterproofingcom.in/assets/vendors/vegas/overlays/index3.html]
[rkwaterproofingcom.in/assets/vendors/vegas/overlays/about.html]
[rkwaterproofingcom.in/assets/vendors/vegas/overlays/services.html]
[rkwaterproofingcom.in/assets/vendors/vegas/overlays/single-service.html]
[rkwaterproofingcom.in/assets/vendors/vegas/overlays/electricals-service.html]
[rkwaterproofingcom.in/assets/vendors/vegas/overlays/security-system.html]
[rkwaterproofingcom.in/assets/vendors/vegas/overlays/electrical-panels.html]
[rkwaterproofingcom.in/assets/vendors/vegas/overlays/airconditioning.html]
[rkwaterproofingcom.in/assets/vendors/vegas/overlays/surge-protection.html]
[rkwaterproofingcom.in/assets/vendors/vegas/overlays/indoor-lighting.html]
[rkwaterproofingcom.in/assets/vendors/vegas/overlays/install-ceiling-fan.html]
[rkwaterproofingcom.in/assets/vendors/vegas/overlays/baseboard-heating.html]
[rkwaterproofingcom.in/assets/vendors/vegas/overlays/outdoor-lighting.html]
[rkwaterproofingcom.in/assets/vendors/vegas/overlays/solar-installation.html]
[rkwaterproofingcom.in/assets/vendors/vegas/overlays/upgrade-old-wiring.html]
[rkwaterproofingcom.in/assets/vendors/vegas/overlays/project-1.html]
[rkwaterproofingcom.in/assets/vendors/vegas/overlays/project-2.html]
[rkwaterproofingcom.in/assets/vendors/vegas/overlays/project-3.html]
[rkwaterproofingcom.in/assets/vendors/vegas/overlays/project-details.html]
[rkwaterproofingcom.in/assets/vendors/vegas/overlays/appointment.html]
[rkwaterproofingcom.in/assets/vendors/vegas/overlays/team.html]
[rkwaterproofingcom.in/assets/vendors/vegas/overlays/testimonials.html]
[rkwaterproofingcom.in/assets/vendors/vegas/overlays/faq.html]
[rkwaterproofingcom.in/assets/vendors/vegas/overlays/company-history.html]
[rkwaterproofingcom.in/assets/vendors/vegas/overlays/prices.html]
[rkwaterproofingcom.in/assets/vendors/vegas/overlays/elements.html]
[rkwaterproofingcom.in/assets/vendors/vegas/overlays/blog.html]
[rkwaterproofingcom.in/assets/vendors/vegas/overlays/blog-grid.html]
[rkwaterproofingcom.in/assets/vendors/vegas/overlays/blog-details.html]
[rkwaterproofingcom.in/assets/vendors/vegas/overlays/contact.html]
[rkwaterproofingcom.in/assets/vendors/vegas/overlays/assets/images/backgrounds/page-header-bg.html]
[rkwaterproofingcom.in/assets/vendors/vegas/overlays/assets/images/shapes/page-header-shape-1.html]
[rkwaterproofingcom.in/assets/vendors/vegas/overlays/assets/images/resources/404-1.html]
[rkwaterproofingcom.in/assets/vendors/vegas/overlays/assets/images/shapes/site-footer-shape-1.html]
[rkwaterproofingcom.in/assets/vendors/vegas/overlays/assets/images/resources/footer-widget-img-1.html]
[rkwaterproofingcom.in/assets/vendors/vegas/overlays/assets/images/resources/footer-logo.html]
[rkwaterproofingcom.in/assets/vendors/vegas/overlays/assets/vendors/jquery/jquery-3.6.0.min.html]
[rkwaterproofingcom.in/assets/vendors/vegas/overlays/assets/vendors/bootstrap/js/bootstrap.bundle.min.html]
[rkwaterproofingcom.in/assets/vendors/vegas/overlays/assets/vendors/jarallax/jarallax.min.html]
[rkwaterproofingcom.in/assets/vendors/vegas/overlays/assets/vendors/jquery-ajaxchimp/jquery.ajaxchimp.min.html]
[rkwaterproofingcom.in/assets/vendors/vegas/overlays/assets/vendors/jquery-appear/jquery.appear.min.html]
[rkwaterproofingcom.in/assets/vendors/vegas/overlays/assets/vendors/jquery-circle-progress/jquery.circle-progress.min.html]
[rkwaterproofingcom.in/assets/vendors/vegas/overlays/assets/vendors/jquery-magnific-popup/jquery.magnific-popup.min.html]
[rkwaterproofingcom.in/assets/vendors/vegas/overlays/assets/vendors/jquery-validate/jquery.validate.min.html]
[rkwaterproofingcom.in/assets/vendors/vegas/overlays/assets/vendors/nouislider/nouislider.min-2.html]
[rkwaterproofingcom.in/assets/vendors/vegas/overlays/assets/vendors/odometer/odometer.min-2.html]
[rkwaterproofingcom.in/assets/vendors/vegas/overlays/assets/vendors/swiper/swiper.min-2.html]
[rkwaterproofingcom.in/assets/vendors/vegas/overlays/assets/vendors/tiny-slider/tiny-slider.min-2.html]
[rkwaterproofingcom.in/assets/vendors/vegas/overlays/assets/vendors/wnumb/wNumb.min.html]
[rkwaterproofingcom.in/assets/vendors/vegas/overlays/assets/vendors/wow/wow.html]
[rkwaterproofingcom.in/assets/vendors/vegas/overlays/assets/vendors/isotope/isotope.html]
[rkwaterproofingcom.in/assets/vendors/vegas/overlays/assets/vendors/countdown/countdown.min.html]
[rkwaterproofingcom.in/assets/vendors/vegas/overlays/assets/vendors/owl-carousel/owl.carousel.min-2.html]
[rkwaterproofingcom.in/assets/vendors/vegas/overlays/assets/vendors/bxslider/jquery.bxslider.min.html]
[rkwaterproofingcom.in/assets/vendors/vegas/overlays/assets/vendors/bootstrap-select/js/bootstrap-select.min.html]
[rkwaterproofingcom.in/assets/vendors/vegas/overlays/assets/vendors/vegas/vegas.min-2.html]
[rkwaterproofingcom.in/assets/vendors/vegas/overlays/assets/vendors/jquery-ui/jquery-ui-2.html]
[rkwaterproofingcom.in/assets/vendors/vegas/overlays/assets/vendors/timepicker/timePicker-2.html]
[rkwaterproofingcom.in/assets/vendors/vegas/overlays/assets/vendors/circleType/jquery.circleType.html]
[rkwaterproofingcom.in/assets/vendors/vegas/overlays/assets/vendors/circleType/jquery.lettering.min.html]
[rkwaterproofingcom.in/assets/vendors/vegas/overlays/assets/vendors/sidebar-content/jquery-sidebar-content.html]
[rkwaterproofingcom.in/assets/vendors/vegas/overlays/assets/vendors/tweenmax/TweenMax.min.html]
[rkwaterproofingcom.in/assets/vendors/vegas/overlays/assets/js/endreox.html]
[rkwaterproofingcom.in/assets/vendors/timepicker/images/assets/images/favicons/apple-touch-icon.html]
[rkwaterproofingcom.in/assets/vendors/timepicker/images/assets/images/favicons/favicon-32x32.html]
[rkwaterproofingcom.in/assets/vendors/timepicker/images/assets/images/favicons/favicon-16x16.html]
[rkwaterproofingcom.in/assets/vendors/timepicker/images/assets/images/favicons/site.html]
[rkwaterproofingcom.in/assets/vendors/timepicker/images/assets/vendors/bootstrap/css/bootstrap.min.html]
[rkwaterproofingcom.in/assets/vendors/timepicker/images/assets/vendors/animate/animate.min.html]
[rkwaterproofingcom.in/assets/vendors/timepicker/images/assets/vendors/animate/custom-animate.html]
[rkwaterproofingcom.in/assets/vendors/timepicker/images/assets/vendors/fontawesome/css/all.min.html]
[rkwaterproofingcom.in/assets/vendors/timepicker/images/assets/vendors/jarallax/jarallax.html]
[rkwaterproofingcom.in/assets/vendors/timepicker/images/assets/vendors/jquery-magnific-popup/jquery.magnific-popup.html]
[rkwaterproofingcom.in/assets/vendors/timepicker/images/assets/vendors/nouislider/nouislider.min.html]
[rkwaterproofingcom.in/assets/vendors/timepicker/images/assets/vendors/nouislider/nouislider.pips.html]
[rkwaterproofingcom.in/assets/vendors/timepicker/images/assets/vendors/odometer/odometer.min.html]
[rkwaterproofingcom.in/assets/vendors/timepicker/images/assets/vendors/swiper/swiper.min.html]
[rkwaterproofingcom.in/assets/vendors/timepicker/images/assets/vendors/endreox-icons/style.html]
[rkwaterproofingcom.in/assets/vendors/timepicker/images/assets/vendors/tiny-slider/tiny-slider.min.html]
[rkwaterproofingcom.in/assets/vendors/timepicker/images/assets/vendors/reey-font/stylesheet.html]
[rkwaterproofingcom.in/assets/vendors/timepicker/images/assets/vendors/owl-carousel/owl.carousel.min.html]
[rkwaterproofingcom.in/assets/vendors/timepicker/images/assets/vendors/owl-carousel/owl.theme.default.min.html]
[rkwaterproofingcom.in/assets/vendors/timepicker/images/assets/vendors/bxslider/jquery.bxslider.html]
[rkwaterproofingcom.in/assets/vendors/timepicker/images/assets/vendors/bootstrap-select/css/bootstrap-select.min.html]
[rkwaterproofingcom.in/assets/vendors/timepicker/images/assets/vendors/vegas/vegas.min.html]
[rkwaterproofingcom.in/assets/vendors/timepicker/images/assets/vendors/jquery-ui/jquery-ui.html]
[rkwaterproofingcom.in/assets/vendors/timepicker/images/assets/vendors/timepicker/timePicker.html]
[rkwaterproofingcom.in/assets/vendors/timepicker/images/assets/vendors/free-hand-font/stylesheet.html]
[rkwaterproofingcom.in/assets/vendors/timepicker/images/assets/css/endreox.html]
[rkwaterproofingcom.in/assets/vendors/timepicker/images/assets/css/endreox-responsive.html]
[rkwaterproofingcom.in/assets/vendors/timepicker/images/index.html]
[rkwaterproofingcom.in/assets/vendors/timepicker/images/assets/images/resources/logo-1.html]
[rkwaterproofingcom.in/assets/vendors/timepicker/images/index2.html]
[rkwaterproofingcom.in/assets/vendors/timepicker/images/index3.html]
[rkwaterproofingcom.in/assets/vendors/timepicker/images/about.html]
[rkwaterproofingcom.in/assets/vendors/timepicker/images/services.html]
[rkwaterproofingcom.in/assets/vendors/timepicker/images/single-service.html]
[rkwaterproofingcom.in/assets/vendors/timepicker/images/electricals-service.html]
[rkwaterproofingcom.in/assets/vendors/timepicker/images/security-system.html]
[rkwaterproofingcom.in/assets/vendors/timepicker/images/electrical-panels.html]
[rkwaterproofingcom.in/assets/vendors/timepicker/images/airconditioning.html]
[rkwaterproofingcom.in/assets/vendors/timepicker/images/surge-protection.html]
[rkwaterproofingcom.in/assets/vendors/timepicker/images/indoor-lighting.html]
[rkwaterproofingcom.in/assets/vendors/timepicker/images/install-ceiling-fan.html]
[rkwaterproofingcom.in/assets/vendors/timepicker/images/baseboard-heating.html]
[rkwaterproofingcom.in/assets/vendors/timepicker/images/outdoor-lighting.html]
[rkwaterproofingcom.in/assets/vendors/timepicker/images/solar-installation.html]
[rkwaterproofingcom.in/assets/vendors/timepicker/images/upgrade-old-wiring.html]
[rkwaterproofingcom.in/assets/vendors/timepicker/images/project-1.html]
[rkwaterproofingcom.in/assets/vendors/timepicker/images/project-2.html]
[rkwaterproofingcom.in/assets/vendors/timepicker/images/project-3.html]
[rkwaterproofingcom.in/assets/vendors/timepicker/images/project-details.html]
[rkwaterproofingcom.in/assets/vendors/timepicker/images/appointment.html]
[rkwaterproofingcom.in/assets/vendors/timepicker/images/team.html]
[rkwaterproofingcom.in/assets/vendors/timepicker/images/testimonials.html]
[rkwaterproofingcom.in/assets/vendors/timepicker/images/faq.html]
[rkwaterproofingcom.in/assets/vendors/timepicker/images/company-history.html]
[rkwaterproofingcom.in/assets/vendors/timepicker/images/prices.html]
[rkwaterproofingcom.in/assets/vendors/timepicker/images/elements.html]
[rkwaterproofingcom.in/assets/vendors/timepicker/images/blog.html]
[rkwaterproofingcom.in/assets/vendors/timepicker/images/blog-grid.html]
[rkwaterproofingcom.in/assets/vendors/timepicker/images/blog-details.html]
[rkwaterproofingcom.in/assets/vendors/timepicker/images/contact.html]
[rkwaterproofingcom.in/assets/vendors/timepicker/images/assets/images/backgrounds/page-header-bg.html]
[rkwaterproofingcom.in/assets/vendors/timepicker/images/assets/images/shapes/page-header-shape-1.html]
[rkwaterproofingcom.in/assets/vendors/timepicker/images/assets/images/resources/404-1.html]
[rkwaterproofingcom.in/assets/vendors/timepicker/images/assets/images/shapes/site-footer-shape-1.html]
[rkwaterproofingcom.in/assets/vendors/timepicker/images/assets/images/resources/footer-widget-img-1.html]
[rkwaterproofingcom.in/assets/vendors/timepicker/images/assets/images/resources/footer-logo.html]
[rkwaterproofingcom.in/assets/vendors/timepicker/images/assets/vendors/jquery/jquery-3.6.0.min.html]
[rkwaterproofingcom.in/assets/vendors/timepicker/images/assets/vendors/bootstrap/js/bootstrap.bundle.min.html]
[rkwaterproofingcom.in/assets/vendors/timepicker/images/assets/vendors/jarallax/jarallax.min.html]
[rkwaterproofingcom.in/assets/vendors/timepicker/images/assets/vendors/jquery-ajaxchimp/jquery.ajaxchimp.min.html]
[rkwaterproofingcom.in/assets/vendors/timepicker/images/assets/vendors/jquery-appear/jquery.appear.min.html]
[rkwaterproofingcom.in/assets/vendors/timepicker/images/assets/vendors/jquery-circle-progress/jquery.circle-progress.min.html]
[rkwaterproofingcom.in/assets/vendors/timepicker/images/assets/vendors/jquery-magnific-popup/jquery.magnific-popup.min.html]
[rkwaterproofingcom.in/assets/vendors/timepicker/images/assets/vendors/jquery-validate/jquery.validate.min.html]
[rkwaterproofingcom.in/assets/vendors/timepicker/images/assets/vendors/nouislider/nouislider.min-2.html]
[rkwaterproofingcom.in/assets/vendors/timepicker/images/assets/vendors/odometer/odometer.min-2.html]
[rkwaterproofingcom.in/assets/vendors/timepicker/images/assets/vendors/swiper/swiper.min-2.html]
[rkwaterproofingcom.in/assets/vendors/timepicker/images/assets/vendors/tiny-slider/tiny-slider.min-2.html]
[rkwaterproofingcom.in/assets/vendors/timepicker/images/assets/vendors/wnumb/wNumb.min.html]
[rkwaterproofingcom.in/assets/vendors/timepicker/images/assets/vendors/wow/wow.html]
[rkwaterproofingcom.in/assets/vendors/timepicker/images/assets/vendors/isotope/isotope.html]
[rkwaterproofingcom.in/assets/vendors/timepicker/images/assets/vendors/countdown/countdown.min.html]
[rkwaterproofingcom.in/assets/vendors/timepicker/images/assets/vendors/owl-carousel/owl.carousel.min-2.html]
[rkwaterproofingcom.in/assets/vendors/timepicker/images/assets/vendors/bxslider/jquery.bxslider.min.html]
[rkwaterproofingcom.in/assets/vendors/timepicker/images/assets/vendors/bootstrap-select/js/bootstrap-select.min.html]
[rkwaterproofingcom.in/assets/vendors/timepicker/images/assets/vendors/vegas/vegas.min-2.html]
[rkwaterproofingcom.in/assets/vendors/timepicker/images/assets/vendors/jquery-ui/jquery-ui-2.html]
[rkwaterproofingcom.in/assets/vendors/timepicker/images/assets/vendors/timepicker/timePicker-2.html]
[rkwaterproofingcom.in/assets/vendors/timepicker/images/assets/vendors/circleType/jquery.circleType.html]
[rkwaterproofingcom.in/assets/vendors/timepicker/images/assets/vendors/circleType/jquery.lettering.min.html]
[rkwaterproofingcom.in/assets/vendors/timepicker/images/assets/vendors/sidebar-content/jquery-sidebar-content.html]
[rkwaterproofingcom.in/assets/vendors/timepicker/images/assets/vendors/tweenmax/TweenMax.min.html]
[rkwaterproofingcom.in/assets/vendors/timepicker/images/assets/js/endreox.html]
[rkwaterproofingcom.in/assets/images/icon/assets/images/favicons/apple-touch-icon.html]
[rkwaterproofingcom.in/assets/images/icon/assets/images/favicons/favicon-32x32.html]
[rkwaterproofingcom.in/assets/images/icon/assets/images/favicons/favicon-16x16.html]
[rkwaterproofingcom.in/assets/images/icon/assets/images/favicons/site.html]
[rkwaterproofingcom.in/assets/images/icon/assets/vendors/bootstrap/css/bootstrap.min.html]
[rkwaterproofingcom.in/assets/images/icon/assets/vendors/animate/animate.min.html]
[rkwaterproofingcom.in/assets/images/icon/assets/vendors/animate/custom-animate.html]
[rkwaterproofingcom.in/assets/images/icon/assets/vendors/fontawesome/css/all.min.html]
[rkwaterproofingcom.in/assets/images/icon/assets/vendors/jarallax/jarallax.html]
[rkwaterproofingcom.in/assets/images/icon/assets/vendors/jquery-magnific-popup/jquery.magnific-popup.html]
[rkwaterproofingcom.in/assets/images/icon/assets/vendors/nouislider/nouislider.min.html]
[rkwaterproofingcom.in/assets/images/icon/assets/vendors/nouislider/nouislider.pips.html]
[rkwaterproofingcom.in/assets/images/icon/assets/vendors/odometer/odometer.min.html]
[rkwaterproofingcom.in/assets/images/icon/assets/vendors/swiper/swiper.min.html]
[rkwaterproofingcom.in/assets/images/icon/assets/vendors/endreox-icons/style.html]
[rkwaterproofingcom.in/assets/images/icon/assets/vendors/tiny-slider/tiny-slider.min.html]
[rkwaterproofingcom.in/assets/images/icon/assets/vendors/reey-font/stylesheet.html]
[rkwaterproofingcom.in/assets/images/icon/assets/vendors/owl-carousel/owl.carousel.min.html]
[rkwaterproofingcom.in/assets/images/icon/assets/vendors/owl-carousel/owl.theme.default.min.html]
[rkwaterproofingcom.in/assets/images/icon/assets/vendors/bxslider/jquery.bxslider.html]
[rkwaterproofingcom.in/assets/images/icon/assets/vendors/bootstrap-select/css/bootstrap-select.min.html]
[rkwaterproofingcom.in/assets/images/icon/assets/vendors/vegas/vegas.min.html]
[rkwaterproofingcom.in/assets/images/icon/assets/vendors/jquery-ui/jquery-ui.html]
[rkwaterproofingcom.in/assets/images/icon/assets/vendors/timepicker/timePicker.html]
[rkwaterproofingcom.in/assets/images/icon/assets/vendors/free-hand-font/stylesheet.html]
[rkwaterproofingcom.in/assets/images/icon/assets/css/endreox.html]
[rkwaterproofingcom.in/assets/images/icon/assets/css/endreox-responsive.html]
[rkwaterproofingcom.in/assets/images/icon/index.html]
[rkwaterproofingcom.in/assets/images/icon/assets/images/resources/logo-1.html]
[rkwaterproofingcom.in/assets/images/icon/index2.html]
[rkwaterproofingcom.in/assets/images/icon/index3.html]
[rkwaterproofingcom.in/assets/images/icon/about.html]
[rkwaterproofingcom.in/assets/images/icon/services.html]
[rkwaterproofingcom.in/assets/images/icon/single-service.html]
[rkwaterproofingcom.in/assets/images/icon/electricals-service.html]
[rkwaterproofingcom.in/assets/images/icon/security-system.html]
[rkwaterproofingcom.in/assets/images/icon/electrical-panels.html]
[rkwaterproofingcom.in/assets/images/icon/airconditioning.html]
[rkwaterproofingcom.in/assets/images/icon/surge-protection.html]
[rkwaterproofingcom.in/assets/images/icon/indoor-lighting.html]
[rkwaterproofingcom.in/assets/images/icon/install-ceiling-fan.html]
[rkwaterproofingcom.in/assets/images/icon/baseboard-heating.html]
[rkwaterproofingcom.in/assets/images/icon/outdoor-lighting.html]
[rkwaterproofingcom.in/assets/images/icon/solar-installation.html]
[rkwaterproofingcom.in/assets/images/icon/upgrade-old-wiring.html]
[rkwaterproofingcom.in/assets/images/icon/project-1.html]
[rkwaterproofingcom.in/assets/images/icon/project-2.html]
[rkwaterproofingcom.in/assets/images/icon/project-3.html]
[rkwaterproofingcom.in/assets/images/icon/project-details.html]
[rkwaterproofingcom.in/assets/images/icon/appointment.html]
[rkwaterproofingcom.in/assets/images/icon/team.html]
[rkwaterproofingcom.in/assets/images/icon/testimonials.html]
[rkwaterproofingcom.in/assets/images/icon/faq.html]
[rkwaterproofingcom.in/assets/images/icon/company-history.html]
[rkwaterproofingcom.in/assets/images/icon/prices.html]
[rkwaterproofingcom.in/assets/images/icon/elements.html]
[rkwaterproofingcom.in/assets/images/icon/blog.html]
[rkwaterproofingcom.in/assets/images/icon/blog-grid.html]
[rkwaterproofingcom.in/assets/images/icon/blog-details.html]
[rkwaterproofingcom.in/assets/images/icon/contact.html]
[rkwaterproofingcom.in/assets/images/icon/assets/images/backgrounds/page-header-bg.html]
[rkwaterproofingcom.in/assets/images/icon/assets/images/shapes/page-header-shape-1.html]
[rkwaterproofingcom.in/assets/images/icon/assets/images/resources/404-1.html]
[rkwaterproofingcom.in/assets/images/icon/assets/images/shapes/site-footer-shape-1.html]
[rkwaterproofingcom.in/assets/images/icon/assets/images/resources/footer-widget-img-1.html]
[rkwaterproofingcom.in/assets/images/icon/assets/images/resources/footer-logo.html]
[rkwaterproofingcom.in/assets/images/icon/assets/vendors/jquery/jquery-3.6.0.min.html]
[rkwaterproofingcom.in/assets/images/icon/assets/vendors/bootstrap/js/bootstrap.bundle.min.html]
[rkwaterproofingcom.in/assets/images/icon/assets/vendors/jarallax/jarallax.min.html]
[rkwaterproofingcom.in/assets/images/icon/assets/vendors/jquery-ajaxchimp/jquery.ajaxchimp.min.html]
[rkwaterproofingcom.in/assets/images/icon/assets/vendors/jquery-appear/jquery.appear.min.html]
[rkwaterproofingcom.in/assets/images/icon/assets/vendors/jquery-circle-progress/jquery.circle-progress.min.html]
[rkwaterproofingcom.in/assets/images/icon/assets/vendors/jquery-magnific-popup/jquery.magnific-popup.min.html]
[rkwaterproofingcom.in/assets/images/icon/assets/vendors/jquery-validate/jquery.validate.min.html]
[rkwaterproofingcom.in/assets/images/icon/assets/vendors/nouislider/nouislider.min-2.html]
[rkwaterproofingcom.in/assets/images/icon/assets/vendors/odometer/odometer.min-2.html]
[rkwaterproofingcom.in/assets/images/icon/assets/vendors/swiper/swiper.min-2.html]
[rkwaterproofingcom.in/assets/images/icon/assets/vendors/tiny-slider/tiny-slider.min-2.html]
[rkwaterproofingcom.in/assets/images/icon/assets/vendors/wnumb/wNumb.min.html]
[rkwaterproofingcom.in/assets/images/icon/assets/vendors/wow/wow.html]
[rkwaterproofingcom.in/assets/images/icon/assets/vendors/isotope/isotope.html]
[rkwaterproofingcom.in/assets/images/icon/assets/vendors/countdown/countdown.min.html]
[rkwaterproofingcom.in/assets/images/icon/assets/vendors/owl-carousel/owl.carousel.min-2.html]
[rkwaterproofingcom.in/assets/images/icon/assets/vendors/bxslider/jquery.bxslider.min.html]
[rkwaterproofingcom.in/assets/images/icon/assets/vendors/bootstrap-select/js/bootstrap-select.min.html]
[rkwaterproofingcom.in/assets/images/icon/assets/vendors/vegas/vegas.min-2.html]
[rkwaterproofingcom.in/assets/images/icon/assets/vendors/jquery-ui/jquery-ui-2.html]
[rkwaterproofingcom.in/assets/images/icon/assets/vendors/timepicker/timePicker-2.html]
[rkwaterproofingcom.in/assets/images/icon/assets/vendors/circleType/jquery.circleType.html]
[rkwaterproofingcom.in/assets/images/icon/assets/vendors/circleType/jquery.lettering.min.html]
[rkwaterproofingcom.in/assets/images/icon/assets/vendors/sidebar-content/jquery-sidebar-content.html]
[rkwaterproofingcom.in/assets/images/icon/assets/vendors/tweenmax/TweenMax.min.html]
[rkwaterproofingcom.in/assets/images/icon/assets/js/endreox.html]
